../Core/Src/main.c:5:6:delay_us	16	static
../Core/Src/main.c:10:6:HCSR05_Init	4	static
../Core/Src/main.c:31:7:getDis	24	static
../Core/Src/main.c:59:6:delay_ms	24	static
../Core/Src/main.c:64:6:Servo_Init	4	static
../Core/Src/main.c:90:6:Servo_Angle	16	static
../Core/Src/main.c:97:6:Motor_Init	4	static
../Core/Src/main.c:108:6:Motor_Control	16	static
../Core/Src/main.c:140:6:Delay_ms	24	static,ignoring_inline_asm
../Core/Src/main.c:147:6:I2C1_Register_Init	4	static
../Core/Src/main.c:171:6:I2C1_BurstWrite	24	static
../Core/Src/main.c:194:6:OLED_SendCommand	16	static
../Core/Src/main.c:198:6:OLED_Init	8	static
../Core/Src/main.c:220:6:OLED_Clear	24	static
../Core/Src/main.c:226:6:OLED_DrawChar_2X	32	static
../Core/Src/main.c:268:6:OLED_DrawString_2X	16	static
../Core/Src/main.c:276:6:OLED_Update	8	static
../Core/Src/main.c:282:5:main	8	static
